 ΓÜá Warning: Next.js inferred your workspace root, but it may not be correct.
 We detected multiple lockfiles and selected the directory of D:\devnolife\yarn.lock as the root directory.
 To silence this warning, set `outputFileTracingRoot` in your Next.js config, or consider removing one of the lockfiles if it's not needed.
   See https://nextjs.org/docs/app/api-reference/config/next-config-js/output#caveats for more information.
 Detected additional lockfiles: 
   * D:\devnolife\pikom\package-lock.json

   Γû▓ Next.js 15.5.15
   - Environments: .env

   Creating an optimized production build ...
 Γ£ô Compiled successfully in 8.3s
   Skipping linting
   Checking validity of types ...
   Collecting page data ...
   Generating static pages (0/14) ...
   Generating static pages (3/14) 
   Generating static pages (6/14) 
   Generating static pages (10/14) 
 Γ£ô Generating static pages (14/14)
   Finalizing page optimization ...
   Collecting build traces ...

Route (app)                                 Size  First Load JS
Γöî Γùï /                                     9.9 kB         162 kB
Γö£ Γùï /_not-found                            994 B         103 kB
Γö£ ╞Æ /api/auth/[...nextauth]                131 B         102 kB
Γö£ ╞Æ /bidang/[slug]                       6.01 kB         158 kB
Γö£ ╞Æ /dashboard                             131 B         102 kB
Γö£ Γùï /dashboard/admin                     3.69 kB         117 kB
Γö£ ╞Æ /dashboard/admin/proker                131 B         102 kB
Γö£ Γùï /dashboard/admin/users               23.9 kB         147 kB
Γö£ Γùï /dashboard/mahasiswa                 4.77 kB         125 kB
Γö£ ╞Æ /dashboard/mahasiswa/progress          131 B         102 kB
Γö£ Γùï /dashboard/pengurus                  3.59 kB         117 kB
Γö£ Γùï /dashboard/pengurus/kader            3.23 kB         115 kB
Γö£ Γùï /dashboard/pengurus/proker           3.13 kB         129 kB
Γöö Γùï /login                               4.85 kB         125 kB
+ First Load JS shared by all             102 kB
  Γö£ chunks/255-842f13cb89d91771.js       45.8 kB
  Γö£ chunks/4bd1b696-21f374d1156f834a.js  54.2 kB
  Γöö other shared chunks (total)          1.93 kB


╞Æ Middleware                              146 kB

Γùï  (Static)   prerendered as static content
╞Æ  (Dynamic)  server-rendered on demand

